"node_modules" не является внутренней или внешней
командой, исполняемой программой или пакетным файлом.
